splashimage=/F4UBCD/Images/bg.xpm.gz
foreground=FFFFFF
background=000000

default     4

title Boot First Hard Drive (hd0)\n\nGets you out of here.
splashimage /F4UBCD/Images/bg_dim.xpm.gz
rootnoverify (hd0)
chainloader (hd0)+1

title Remap & Boot First HDD\n\nIf you booted from USB (e.g. Kon-Boot), this should boot your HDD.
splashimage /F4UBCD/Images/bg_dim.xpm.gz
map (hd1) (hd0)
map --hook
rootnoverify (hd0)
chainloader (hd0)+1

title Kick-start NTLDR\n\nIn case yours is missing.
splashimage /F4UBCD/Images/bg_dim.xpm.gz
find --set-root /F4UBCD/Images/NTLDR.GZ
kernel /F4UBCD/Images/memdisk
initrd /F4UBCD/Images/NTLDR.GZ

title
root

title BackTrack v.5R1 - i386 - KDE\n\nView BackTrack 5 boot options submenu.
find --set-root /btsubmenu.lst
configfile /btsubmenu.lst

title MiniXP Environment\n\nLaunch MiniXP and experience bliss.\nIncludes some DaRT 5.0 tools for XP with improved hardware support.
splashimage /F4UBCD/Images/bg_dim.xpm.gz
find --set-root /HBCD/XPLOADER.BIN
chainloader /HBCD/XPLOADER.BIN

title Hiren's DOS Tools 13.0 Rebuild with Spinrite\n\nDOS-based hardware & BIOS tools
splashimage /F4UBCD/Images/bg_dim.xpm.gz
find --set-root /F4UBCD/Images/hbdos13.gz
kernel /F4UBCD/Images/memdisk
initrd /F4UBCD/Images/hbdos13.gz

title MS DaRT 6.5 for 32 & 64-bit Vista & 7\n\nMicrosoft Diagnostics and Recovery Toolset 6.5 for Windows 7 and Vista 32/64-bit
splashimage /F4UBCD/Images/bg_dim.xpm.gz
find --set-root /BOOT/bootmgr
chainloader /BOOT/bootmgr

title Mini Linux\n\nRecovery Is Possible Linux (Min RAM 350MB)
splashimage /F4UBCD/Images/bg_dim.xpm.gz
find --set-root /F4UBCD/Images/LINUX
kernel /F4UBCD/Images/LINUX xlogin keymap=us xkeymap=us xdriver=fbdev root=/dev/ram0 rw vga=791
initrd /F4UBCD/Images/RIPLINUX.GZ

title EASEUS Partition Master 6.5.1 Server Edition\n\nCreate, edit, move, resize, delete partitions.
splashimage /F4UBCD/Images/bg_dim.xpm.gz
find --set-root /F4UBCD/Images/easeus.img
kernel /F4UBCD/Images/bzimage root=/dev/ram0 rw easeus_mode=1
initrd /F4UBCD/Images/easeus.img

title
root

title Memtest86+ v4.20\n\nTest basic system functionality by stress-testing RAM, FSB, and CPU
splashimage /F4UBCD/Images/bg_dim.xpm.gz
find --set-root /F4UBCD/Images/mt420.gz
kernel /F4UBCD/Images/memdisk
initrd /F4UBCD/Images/mt420.gz

title Kon-Boot v1.1 (32/64-bit)\n\nLog into Windows with blank password; bypass login without breaking it
splashimage /F4UBCD/Images/bg_dim.xpm.gz
find --set-root /F4UBCD/Images/konboot.img
kernel /F4UBCD/Images/memdisk
initrd /F4UBCD/Images/konboot.img

title FreeDOS / Dell System Restore MBR Repair\n\nHelps you restore a Dell MBR (blue "www.dell.com") and access restore\npartition w/ Ctrl+F11. Also great to run a BIOS update via a USB HDD.
splashimage /F4UBCD/Images/bg_dim.xpm.gz
find --set-root /F4UBCD/Images/dell.gz
kernel /F4UBCD/Images/memdisk
initrd /F4UBCD/Images/dell.gz

title Offline NT/2000/XP/Vista/7 Password Changer\n\nWindows Password Reset
splashimage /F4UBCD/Images/bg_dim.xpm.gz
find --set-root /F4UBCD/Images/LINUX
kernel /F4UBCD/Images/LINUX vga=1
initrd /F4UBCD/Images/CHNTPW.GZ

title Seagate DiscWizard (Acronis TrueImage - ALT + T-O-K to bypass error)\n\nSave partition to image, copy partition, restore from image.\nWorks with non-Seagate drive, hold Alt and type T-O-K to bypass error.
splashimage /F4UBCD/Images/bg_dim.xpm.gz
find --set-root /F4UBCD/Images/SEAGATDW
kernel /F4UBCD/Images/SEAGATDW vga=788 ramdisk_size=32768 acpi=off quiet noapic mbrcrcs on
initrd /F4UBCD/Images/SEAGATDW.GZ

title DR-Dos Mini with File Copy\n\nLoads virtual floppy in fd1 (B:), locates and copies /temp/files.rar and boots.\nIf files.rar cannot be found, DD will fail. See alternates for plain DR-DOS.
splashimage /F4UBCD/Images/bg_dim.xpm.gz
find --set-root /F4UBCD/Images/drdosmin.gz
map --mem /F4UBCD/Images/drdosmin.gz (fd0)
map --hook
map --mem /F4UBCD/Images/blankvfd.gz (fd1)
map --hook
find --set-root /temp/files.rar
dd if=()/temp/files.rar of=(fd1)/FILES.RAR
chainloader (fd0)+1
rootnoverify (fd0)
map --floppies=2
boot

title Custom Image\n\nLoads memdisk image from \\temp\\custom.img (Another great USB tool)
splashimage /F4UBCD/Images/bg_dim.xpm.gz
find --set-root /F4UBCD/Images/memdisk
kernel /F4UBCD/Images/memdisk
find --set-root /temp/custom.img
initrd /temp/custom.img

title
root
title
root
title Problems with the above tools?
root
title [ DOWN for alternates ]...
root

# --------------------------------------------------------------------------
#          SECOND PAGE (Keep same number of entries above this line)
# --------------------------------------------------------------------------

title [ UP for main ]...
root
title
root

title Linux Console\n\nRecovery Is Possible Linux (Console mode)
splashimage /F4UBCD/Images/bg_dim.xpm.gz
find --set-root /F4UBCD/Images/LINUX
kernel /F4UBCD/Images/LINUX root=/dev/ram0 rw vga=normal
initrd /F4UBCD/Images/RIPLINUX.GZ

title
root

title Custom Image (Grub4DOS Loader)\n\nUsing Grub4DOS mapping, in case of boot or file access/memory issues.
splashimage /F4UBCD/Images/bg_dim.xpm.gz
find --set-root /temp/custom.img
map --mem /temp/custom.img (fd0)
map --hook
chainloader (fd0)+1
rootnoverify (fd0)
map --floppies=1
boot

title Hiren's DOS Tools 13.0 (Grub4DOS Loader)\n\nUsing Grub4DOS mapping, in case of boot or file access/memory issues.
splashimage /F4UBCD/Images/bg_dim.xpm.gz
find --set-root /F4UBCD/Images/hbdos13.gz
map --mem /F4UBCD/Images/hbdos13.gz (fd0)
map --hook
chainloader (fd0)+1
rootnoverify (fd0)
map --floppies=1
boot

title Memtest86+ v4.20 (Grub4DOS Loader)\n\nUsing Grub4DOS mapping, in case it hangs on loading.
splashimage /F4UBCD/Images/bg_dim.xpm.gz
find --set-root /F4UBCD/Images/mt420.gz
map --mem /F4UBCD/Images/mt420.gz (fd0)
map --hook
chainloader (fd0)+1
rootnoverify (fd0)
map --floppies=1
boot

title FreeDOS / Dell MBR Repair (Grub4DOS loader)\n\nUsing Grub4DOS mapping, in case of boot or file access/memory issues.
splashimage /F4UBCD/Images/bg_dim.xpm.gz
find --set-root /F4UBCD/Images/dell.gz
map --mem /F4UBCD/Images/dell.gz (fd0)
map --hook
chainloader (fd0)+1
rootnoverify (fd0)
map --floppies=1
boot

title DR-Dos Mini (Memdisk Loader)\n\nUsing memdisk mapping, in case of boot or file access/memory issues.
splashimage /F4UBCD/Images/bg_dim.xpm.gz
find --set-root /F4UBCD/Images/drdosmin.gz
kernel /F4UBCD/Images/memdisk
initrd /F4UBCD/Images/drdosmin.gz

title DR-Dos Mini (without File Copy)\n\nUsing Grub4DOS mapping. Plain DR-DOS for BIOS flashing, no drivers or loaders.
splashimage /F4UBCD/Images/bg_dim.xpm.gz
find --set-root /F4UBCD/Images/drdosmin.gz
map --mem /F4UBCD/Images/drdosmin.gz (fd0)
map --hook
chainloader (fd0)+1
rootnoverify (fd0)
map --floppies=1
boot

title
root

title Hiren's DOS Tools 13.0 (File Copy)\n\nLoads virtual floppy in fd1 (B:), locates and copies /temp/files.rar and boots.\nIf files.rar cannot be found, DD will fail.
splashimage /F4UBCD/Images/bg_dim.xpm.gz
find --set-root /F4UBCD/Images/hbdos13.gz
map --mem /F4UBCD/Images/hbdos13.gz (fd0)
map --hook
map --mem /F4UBCD/Images/blankvfd.gz (fd1)
map --hook
find --set-root /temp/files.rar
dd if=()/temp/files.rar of=(fd1)/FILES.RAR
chainloader (fd0)+1
rootnoverify (fd0)
map --floppies=2
boot

title FreeDOS / Dell MBR Repair (File Copy)\n\nLoads virtual floppy in fd1 (B:), locates and copies /temp/files.rar and boots.\nIf files.rar cannot be found, DD will fail.
splashimage /F4UBCD/Images/bg_dim.xpm.gz
find --set-root /F4UBCD/Images/dell.gz
map --mem /F4UBCD/Images/dell.gz (fd0)
map --hook
map --mem /F4UBCD/Images/blankvfd.gz (fd1)
map --hook
find --set-root /temp/files.rar
dd if=()/temp/files.rar of=(fd1)/FILES.RAR
chainloader (fd0)+1
rootnoverify (fd0)
map --floppies=2
boot

title MiniXP with F6 Virtual Floppy (\\temp\\f6flpy.img)\n\nNo floppy drive? Load SATA/RAID drivers via \\temp\\f6flpy.img on CD or USB.\nBIOS must support USB HDD. Remember to hit F6 when prompted!
splashimage /F4UBCD/Images/bg_dim.xpm.gz
find --set-root /temp/f6flpy.img
map --mem /temp/f6flpy.img (fd0)
map --hook
map --floppies=1
chainloader /HBCD/XPLOADER.BIN

title Load XP CD with F6 Virtual Floppy (\\temp\\f6flpy.img)\n\nInsert your XP install CD and load image from \\temp\\f6flpy.img on USB drive.\nBIOS must support USB HDD. Remember to hit F6 when prompted!
splashimage /F4UBCD/Images/bg_dim.xpm.gz
find --set-root /temp/f6flpy.img
map --mem /temp/f6flpy.img (fd0)
map --hook
map --floppies=1
pause If the following line fails, try lowercasing the filename by hitting E on the   menu. [Press any key to continue...]
find --set-root /I386/SETUPLDR.BIN
chainloader /I386/SETUPLDR.BIN
